// Jest Snapshot v1, https://goo.gl/fbAQLP

exports[`should render AddOption correctly with no options 1`] = `
<div>
  <form
    className="add-option-form"
    onSubmit={[Function]}
  >
    <input
      className="add-option-form__input"
      name="option"
      onChange={[Function]}
      placeholder="Your option"
      type="text"
      value=""
    />
    <button
      className="button"
    >
      Add Option
    </button>
  </form>
</div>
`;

exports[`should render AddOption correctly with options 1`] = `
<div>
  <form
    className="add-option-form"
    onSubmit={[Function]}
  >
    <input
      className="add-option-form__input"
      name="option"
      onChange={[Function]}
      placeholder="Your option"
      type="text"
      value=""
    />
    <button
      className="button"
    >
      Add Option
    </button>
  </form>
</div>
`;
