// Jest Snapshot v1, https://goo.gl/fbAQLP

exports[`should render Option correctly with option 1`] = `
<div
  className="option"
>
  <p
    className="option__text"
  >
    0
    . 
    Buy a car
  </p>
  <button
    className="button button--link"
    onClick={[Function]}
  >
    Remove
  </button>
</div>
`;
